Archive member included to satisfy reference by file (symbol)

C:/ST/STM32CubeIDE_1.17.0/STM32CubeIDE/plugins/com.st.stm32cube.ide.mcu.externaltools.gnu-tools-for-stm32.13.3.rel1.win32_1.0.100.202509120712/tools/bin/../lib/gcc/arm-none-eabi/13.3.1/../../../../arm-none-eabi/lib/thumb/v6-m/nofp\libc_nano.a(libc_a-exit.o)
                              C:/ST/STM32CubeIDE_1.17.0/STM32CubeIDE/plugins/com.st.stm32cube.ide.mcu.externaltools.gnu-tools-for-stm32.13.3.rel1.win32_1.0.100.202509120712/tools/bin/../lib/gcc/arm-none-eabi/13.3.1/../../../../arm-none-eabi/lib/thumb/v6-m/nofp/crt0.o (exit)
C:/ST/STM32CubeIDE_1.17.0/STM32CubeIDE/plugins/com.st.stm32cube.ide.mcu.externaltools.gnu-tools-for-stm32.13.3.rel1.win32_1.0.100.202509120712/tools/bin/../lib/gcc/arm-none-eabi/13.3.1/../../../../arm-none-eabi/lib/thumb/v6-m/nofp\libc_nano.a(libc_a-findfp.o)
                              C:/ST/STM32CubeIDE_1.17.0/STM32CubeIDE/plugins/com.st.stm32cube.ide.mcu.externaltools.gnu-tools-for-stm32.13.3.rel1.win32_1.0.100.202509120712/tools/bin/../lib/gcc/arm-none-eabi/13.3.1/../../../../arm-none-eabi/lib/thumb/v6-m/nofp\libc_nano.a(libc_a-exit.o) (__stdio_exit_handler)
C:/ST/STM32CubeIDE_1.17.0/STM32CubeIDE/plugins/com.st.stm32cube.ide.mcu.externaltools.gnu-tools-for-stm32.13.3.rel1.win32_1.0.100.202509120712/tools/bin/../lib/gcc/arm-none-eabi/13.3.1/../../../../arm-none-eabi/lib/thumb/v6-m/nofp\libc_nano.a(libc_a-fwalk.o)
                              C:/ST/STM32CubeIDE_1.17.0/STM32CubeIDE/plugins/com.st.stm32cube.ide.mcu.externaltools.gnu-tools-for-stm32.13.3.rel1.win32_1.0.100.202509120712/tools/bin/../lib/gcc/arm-none-eabi/13.3.1/../../../../arm-none-eabi/lib/thumb/v6-m/nofp\libc_nano.a(libc_a-findfp.o) (_fwalk_sglue)
C:/ST/STM32CubeIDE_1.17.0/STM32CubeIDE/plugins/com.st.stm32cube.ide.mcu.externaltools.gnu-tools-for-stm32.13.3.rel1.win32_1.0.100.202509120712/tools/bin/../lib/gcc/arm-none-eabi/13.3.1/../../../../arm-none-eabi/lib/thumb/v6-m/nofp\libc_nano.a(libc_a-stdio.o)
                              C:/ST/STM32CubeIDE_1.17.0/STM32CubeIDE/plugins/com.st.stm32cube.ide.mcu.externaltools.gnu-tools-for-stm32.13.3.rel1.win32_1.0.100.202509120712/tools/bin/../lib/gcc/arm-none-eabi/13.3.1/../../../../arm-none-eabi/lib/thumb/v6-m/nofp\libc_nano.a(libc_a-findfp.o) (__sread)
C:/ST/STM32CubeIDE_1.17.0/STM32CubeIDE/plugins/com.st.stm32cube.ide.mcu.externaltools.gnu-tools-for-stm32.13.3.rel1.win32_1.0.100.202509120712/tools/bin/../lib/gcc/arm-none-eabi/13.3.1/../../../../arm-none-eabi/lib/thumb/v6-m/nofp\libc_nano.a(libc_a-memset.o)
                              C:/ST/STM32CubeIDE_1.17.0/STM32CubeIDE/plugins/com.st.stm32cube.ide.mcu.externaltools.gnu-tools-for-stm32.13.3.rel1.win32_1.0.100.202509120712/tools/bin/../lib/gcc/arm-none-eabi/13.3.1/../../../../arm-none-eabi/lib/thumb/v6-m/nofp/crt0.o (memset)
C:/ST/STM32CubeIDE_1.17.0/STM32CubeIDE/plugins/com.st.stm32cube.ide.mcu.externaltools.gnu-tools-for-stm32.13.3.rel1.win32_1.0.100.202509120712/tools/bin/../lib/gcc/arm-none-eabi/13.3.1/../../../../arm-none-eabi/lib/thumb/v6-m/nofp\libc_nano.a(libc_a-closer.o)
                              C:/ST/STM32CubeIDE_1.17.0/STM32CubeIDE/plugins/com.st.stm32cube.ide.mcu.externaltools.gnu-tools-for-stm32.13.3.rel1.win32_1.0.100.202509120712/tools/bin/../lib/gcc/arm-none-eabi/13.3.1/../../../../arm-none-eabi/lib/thumb/v6-m/nofp\libc_nano.a(libc_a-stdio.o) (_close_r)
C:/ST/STM32CubeIDE_1.17.0/STM32CubeIDE/plugins/com.st.stm32cube.ide.mcu.externaltools.gnu-tools-for-stm32.13.3.rel1.win32_1.0.100.202509120712/tools/bin/../lib/gcc/arm-none-eabi/13.3.1/../../../../arm-none-eabi/lib/thumb/v6-m/nofp\libc_nano.a(libc_a-reent.o)
                              C:/ST/STM32CubeIDE_1.17.0/STM32CubeIDE/plugins/com.st.stm32cube.ide.mcu.externaltools.gnu-tools-for-stm32.13.3.rel1.win32_1.0.100.202509120712/tools/bin/../lib/gcc/arm-none-eabi/13.3.1/../../../../arm-none-eabi/lib/thumb/v6-m/nofp\libc_nano.a(libc_a-closer.o) (errno)
C:/ST/STM32CubeIDE_1.17.0/STM32CubeIDE/plugins/com.st.stm32cube.ide.mcu.externaltools.gnu-tools-for-stm32.13.3.rel1.win32_1.0.100.202509120712/tools/bin/../lib/gcc/arm-none-eabi/13.3.1/../../../../arm-none-eabi/lib/thumb/v6-m/nofp\libc_nano.a(libc_a-impure.o)
                              C:/ST/STM32CubeIDE_1.17.0/STM32CubeIDE/plugins/com.st.stm32cube.ide.mcu.externaltools.gnu-tools-for-stm32.13.3.rel1.win32_1.0.100.202509120712/tools/bin/../lib/gcc/arm-none-eabi/13.3.1/../../../../arm-none-eabi/lib/thumb/v6-m/nofp\libc_nano.a(libc_a-reent.o) (_impure_ptr)
C:/ST/STM32CubeIDE_1.17.0/STM32CubeIDE/plugins/com.st.stm32cube.ide.mcu.externaltools.gnu-tools-for-stm32.13.3.rel1.win32_1.0.100.202509120712/tools/bin/../lib/gcc/arm-none-eabi/13.3.1/../../../../arm-none-eabi/lib/thumb/v6-m/nofp\libc_nano.a(libc_a-lseekr.o)
[...]
Memory Configuration

Name             Origin             Length             Attributes
RAM              0x20000000         0x00002000         xrw
FLASH            0x08000000         0x00010000         xr
*default*        0x00000000         0xffffffff

Linker script and memory map

LOAD C:/ST/STM32CubeIDE_1.17.0/STM32CubeIDE/plugins/com.st.stm32cube.ide.mcu.externaltools.gnu-tools-for-stm32.13.3.rel1.win32_1.0.100.202509120712/tools/bin/../lib/gcc/arm-none-eabi/13.3.1/thumb/v6-m/nofp/crti.o
LOAD C:/ST/STM32CubeIDE_1.17.0/STM32CubeIDE/plugins/com.st.stm32cube.ide.mcu.externaltools.gnu-tools-for-stm32.13.3.rel1.win32_1.0.100.202509120712/tools/bin/../lib/gcc/arm-none-eabi/13.3.1/thumb/v6-m/nofp/crtbegin.o
LOAD C:/ST/STM32CubeIDE_1.17.0/STM32CubeIDE/plugins/com.st.stm32cube.ide.mcu.externaltools.gnu-tools-for-stm32.13.3.rel1.win32_1.0.100.202509120712/tools/bin/../lib/gcc/arm-none-eabi/13.3.1/../../../../arm-none-eabi/lib/thumb/v6-m/nofp/crt0.o
LOAD ./Core/Src/Thruster.o
LOAD ./Core/Src/byteProtocol.o
LOAD ./Core/Src/dma.o
LOAD ./Core/Src/gpio.o
LOAD ./Core/Src/main.o
LOAD ./Core/Src/stm32f0xx_hal_msp.o
LOAD ./Core/Src/stm32f0xx_it.o
LOAD ./Core/Src/syscalls.o
LOAD ./Core/Src/sysmem.o
LOAD ./Core/Src/system_stm32f0xx.o
LOAD ./Core/Src/tim.o
LOAD ./Core/Src/usart.o
LOAD ./Core/Startup/startup_stm32f030c8tx.o
LOAD ./Drivers/STM32F0xx_HAL_Driver/Src/stm32f0xx_hal.o
LOAD ./Drivers/STM32F0xx_HAL_Driver/Src/stm32f0xx_hal_cortex.o
LOAD ./Drivers/STM32F0xx_HAL_Driver/Src/stm32f0xx_hal_dma.o
LOAD ./Drivers/STM32F0xx_HAL_Driver/Src/stm32f0xx_hal_exti.o
LOAD ./Drivers/STM32F0xx_HAL_Driver/Src/stm32f0xx_hal_flash.o
LOAD ./Drivers/STM32F0xx_HAL_Driver/Src/stm32f0xx_hal_flash_ex.o
LOAD ./Drivers/STM32F0xx_HAL_Driver/Src/stm32f0xx_hal_gpio.o
LOAD ./Drivers/STM32F0xx_HAL_Driver/Src/stm32f0xx_hal_i2c.o
LOAD ./Drivers/STM32F0xx_HAL_Driver/Src/stm32f0xx_hal_i2c_ex.o
LOAD ./Drivers/STM32F0xx_HAL_Driver/Src/stm32f0xx_hal_pwr.o
LOAD ./Drivers/STM32F0xx_HAL_Driver/Src/stm32f0xx_hal_pwr_ex.o
LOAD ./Drivers/STM32F0xx_HAL_Driver/Src/stm32f0xx_hal_rcc.o
LOAD ./Drivers/STM32F0xx_HAL_Driver/Src/stm32f0xx_hal_rcc_ex.o
LOAD ./Drivers/STM32F0xx_HAL_Driver/Src/stm32f0xx_hal_tim.o
LOAD ./Drivers/STM32F0xx_HAL_Driver/Src/stm32f0xx_hal_tim_ex.o
LOAD ./Drivers/STM32F0xx_HAL_Driver/Src/stm32f0xx_hal_uart.o
LOAD ./Drivers/STM32F0xx_HAL_Driver/Src/stm32f0xx_hal_uart_ex.o
START GROUP
LOAD C:/ST/STM32CubeIDE_1.17.0/STM32CubeIDE/plugins/com.st.stm32cube.ide.mcu.externaltools.gnu-tools-for-stm32.13.3.rel1.win32_1.0.100.202509120712/tools/bin/../lib/gcc/arm-none-eabi/13.3.1/../../../../arm-none-eabi/lib/thumb/v6-m/nofp\libc_nano.a
LOAD C:/ST/STM32CubeIDE_1.17.0/STM32CubeIDE/plugins/com.st.stm32cube.ide.mcu.externaltools.gnu-tools-for-stm32.13.3.rel1.win32_1.0.100.202509120712/tools/bin/../lib/gcc/arm-none-eabi/13.3.1/../../../../arm-none-eabi/lib/thumb/v6-m/nofp\libm.a
END GROUP
START GROUP
LOAD C:/ST/STM32CubeIDE_1.17.0/STM32CubeIDE/plugins/com.st.stm32cube.ide.mcu.externaltools.gnu-tools-for-stm32.13.3.rel1.win32_1.0.100.202509120712/tools/bin/../lib/gcc/arm-none-eabi/13.3.1/thumb/v6-m/nofp\libgcc.a
LOAD C:/ST/STM32CubeIDE_1.17.0/STM32CubeIDE/plugins/com.st.stm32cube.ide.mcu.externaltools.gnu-tools-for-stm32.13.3.rel1.win32_1.0.100.202509120712/tools/bin/../lib/gcc/arm-none-eabi/13.3.1/../../../../arm-none-eabi/lib/thumb/v6-m/nofp\libc_nano.a
END GROUP
START GROUP
LOAD C:/ST/STM32CubeIDE_1.17.0/STM32CubeIDE/plugins/com.st.stm32cube.ide.mcu.externaltools.gnu-tools-for-stm32.13.3.rel1.win32_1.0.100.202509120712/tools/bin/../lib/gcc/arm-none-eabi/13.3.1/thumb/v6-m/nofp\libgcc.a
LOAD C:/ST/STM32CubeIDE_1.17.0/STM32CubeIDE/plugins/com.st.stm32cube.ide.mcu.externaltools.gnu-tools-for-stm32.13.3.rel1.win32_1.0.100.202509120712/tools/bin/../lib/gcc/arm-none-eabi/13.3.1/../../../../arm-none-eabi/lib/thumb/v6-m/nofp\libc_nano.a
LOAD C:/ST/STM32CubeIDE_1.17.0/STM32CubeIDE/plugins/com.st.stm32cube.ide.mcu.externaltools.gnu-tools-for-stm32.13.3.rel1.win32_1.0.100.202509120712/tools/bin/../lib/gcc/arm-none-eabi/13.3.1/../../../../arm-none-eabi/lib/thumb/v6-m/nofp\libnosys.a
END GROUP
START GROUP
LOAD C:/ST/STM32CubeIDE_1.17.0/STM32CubeIDE/plugins/com.st.stm32cube.ide.mcu.externaltools.gnu-tools-for-stm32.13.3.rel1.win32_1.0.100.202509120712/tools/bin/../lib/gcc/arm-none-eabi/13.3.1/thumb/v6-m/nofp\libgcc.a
LOAD C:/ST/STM32CubeIDE_1.17.0/STM32CubeIDE/plugins/com.st.stm32cube.ide.mcu.externaltools.gnu-tools-for-stm32.13.3.rel1.win32_1.0.100.202509120712/tools/bin/../lib/gcc/arm-none-eabi/13.3.1/../../../../arm-none-eabi/lib/thumb/v6-m/nofp\libc_nano.a
LOAD C:/ST/STM32CubeIDE_1.17.0/STM32CubeIDE/plugins/com.st.stm32cube.ide.mcu.externaltools.gnu-tools-for-stm32.13.3.rel1.win32_1.0.100.202509120712/tools/bin/../lib/gcc/arm-none-eabi/13.3.1/../../../../arm-none-eabi/lib/thumb/v6-m/nofp\libnosys.a
END GROUP
LOAD C:/ST/STM32CubeIDE_1.17.0/STM32CubeIDE/plugins/com.st.stm32cube.ide.mcu.externaltools.gnu-tools-for-stm32.13.3.rel1.win32_1.0.100.202509120712/tools/bin/../lib/gcc/arm-none-eabi/13.3.1/thumb/v6-m/nofp/crtend.o
LOAD C:/ST/STM32CubeIDE_1.17.0/STM32CubeIDE/plugins/com.st.stm32cube.ide.mcu.externaltools.gnu-tools-for-stm32.13.3.rel1.win32_1.0.100.202509120712/tools/bin/../lib/gcc/arm-none-eabi/13.3.1/thumb/v6-m/nofp/crtn.o
                0x20002000                        _estack = (ORIGIN (RAM) + LENGTH (RAM))
                0x00000200                        _Min_Heap_Size = 0x200
                0x00000400                        _Min_Stack_Size = 0x400

.isr_vector     0x08000000       0xc0
                0x08000000                        . = ALIGN (0x4)
 *(.isr_vector)
 .isr_vector    0x08000000       0xc0 ./Core/Startup/startup_stm32f030c8tx.o
                0x08000000                g_pfnVectors
                0x080000c0                        . = ALIGN (0x4)

.text           0x080000c0     0x4034
                0x080000c0                        . = ALIGN (0x4)
 *(.text)
 .text          0x080000c0       0x48 C:/ST/STM32CubeIDE_1.17.0/STM32CubeIDE/plugins/com.st.stm32cube.ide.mcu.externaltools.gnu-tools-for-stm32.13.3.rel1.win32_1.0.100.202509120712/tools/bin/../lib/gcc/arm-none-eabi/13.3.1/thumb/v6-m/nofp/crtbegin.o
 .text          0x08000108      0x114 C:/ST/STM32CubeIDE_1.17.0/STM32CubeIDE/plugins/com.st.stm32cube.ide.mcu.externaltools.gnu-tools-for-stm32.13.3.rel1.win32_1.0.100.202509120712/tools/bin/../lib/gcc/arm-none-eabi/13.3.1/thumb/v6-m/nofp\libgcc.a(_udivsi3.o)
                0x08000108                __aeabi_uidiv
                0x08000108                __udivsi3
                0x08000214                __aeabi_uidivmod
 .text          0x0800021c        0x4 C:/ST/STM32CubeIDE_1.17.0/STM32CubeIDE/plugins/com.st.stm32cube.ide.mcu.externaltools.gnu-tools-for-stm32.13.3.rel1.win32_1.0.100.202509120712/tools/bin/../lib/gcc/arm-none-eabi/13.3.1/thumb/v6-m/nofp\libgcc.a(_dvmd_tls.o)
                0x0800021c                __aeabi_idiv0
                0x0800021c                __aeabi_ldiv0
 *(.text*)
 .text.Thruster_Init
                0x08000220       0x54 ./Core/Src/Thruster.o
                0x08000220                Thruster_Init
 .text.Thruster_Stop
                0x08000274       0x54 ./Core/Src/Thruster.o
                0x08000274                Thruster_Stop
 .text.Thruster_Set_Speed
                0x080002c8       0x60 ./Core/Src/Thruster.o
                0x080002c8                Thruster_Set_Speed
 .text.ring_available
                0x08000328       0x50 ./Core/Src/byteProtocol.o
 .text.ring_free
                0x08000378       0x1c ./Core/Src/byteProtocol.o
 .text.ring_push
                0x08000394       0x94 ./Core/Src/byteProtocol.o
 .text.Calculate_CRC8
                0x08000428       0xb0 ./Core/Src/byteProtocol.o
                0x08000428                Calculate_CRC8
 .text.process_complete_packet
                0x080004d8       0xac ./Core/Src/byteProtocol.o
 .text.parse_ring_buffer
                0x08000584       0xec ./Core/Src/byteProtocol.o
 .text.ByteProtocol_Init
                0x08000670       0x78 ./Core/Src/byteProtocol.o
                0x08000670                ByteProtocol_Init
 .text.HAL_UARTEx_RxEventCallback
                0x080006e8       0x50 ./Core/Src/byteProtocol.o
                0x080006e8                HAL_UARTEx_RxEventCallback
 .text.HAL_UART_ErrorCallback
                0x08000738       0x80 ./Core/Src/byteProtocol.o
                0x08000738                HAL_UART_ErrorCallback
 .text.MX_DMA_Init
                0x080007b8       0x3c ./Core/Src/dma.o
                0x080007b8                MX_DMA_Init
 .text.MX_GPIO_Init
                0x080007f4       0x68 ./Core/Src/gpio.o
                0x080007f4                MX_GPIO_Init
 .text.main     0x0800085c       0x38 ./Core/Src/main.o
                0x0800085c                main
 .text.SystemClock_Config
                0x08000894       0x94 ./Core/Src/main.o
                0x08000894                SystemClock_Config
 .text.Error_Handler
                0x08000928        0xc ./Core/Src/main.o
                0x08000928                Error_Handler
 .text.HAL_MspInit
                0x08000934       0x48 ./Core/Src/stm32f0xx_hal_msp.o
                0x08000934                HAL_MspInit
 .text.NMI_Handler
                0x0800097c        0x8 ./Core/Src/stm32f0xx_it.o
                0x0800097c                NMI_Handler
 .text.HardFault_Handler
                0x08000984        0x8 ./Core/Src/stm32f0xx_it.o
                0x08000984                HardFault_Handler
 .text.SVC_Handler
                0x0800098c        0xa ./Core/Src/stm32f0xx_it.o
                0x0800098c                SVC_Handler
 .text.PendSV_Handler
                0x08000996        0xa ./Core/Src/stm32f0xx_it.o
                0x08000996                PendSV_Handler
 .text.SysTick_Handler
                0x080009a0        0xe ./Core/Src/stm32f0xx_it.o
                0x080009a0                SysTick_Handler
 *fill*         0x080009ae        0x2 
 .text.DMA1_Channel4_5_IRQHandler
                0x080009b0       0x24 ./Core/Src/stm32f0xx_it.o
                0x080009b0                DMA1_Channel4_5_IRQHandler
 .text.USART2_IRQHandler
                0x080009d4       0x18 ./Core/Src/stm32f0xx_it.o
                0x080009d4                USART2_IRQHandler
 .text.SystemInit
                0x080009ec        0xa ./Core/Src/system_stm32f0xx.o
                0x080009ec                SystemInit
 *fill*         0x080009f6        0x2 
 .text.MX_TIM1_Init
                0x080009f8      0x160 ./Core/Src/tim.o
                0x080009f8                MX_TIM1_Init
 .text.MX_TIM3_Init
                0x08000b58       0xf4 ./Core/Src/tim.o
                0x08000b58                MX_TIM3_Init
 .text.HAL_TIM_PWM_MspInit
                0x08000c4c       0x68 ./Core/Src/tim.o
                0x08000c4c                HAL_TIM_PWM_MspInit
 .text.HAL_TIM_MspPostInit
                0x08000cb4      0x124 ./Core/Src/tim.o
                0x08000cb4                HAL_TIM_MspPostInit
 .text.MX_USART2_UART_Init
                0x08000dd8       0x60 ./Core/Src/usart.o
                0x08000dd8                MX_USART2_UART_Init
 .text.HAL_UART_MspInit
                0x08000e38      0x154 ./Core/Src/usart.o
                0x08000e38                HAL_UART_MspInit
 .text.Reset_Handler
                0x08000f8c       0x50 ./Core/Startup/startup_stm32f030c8tx.o
                0x08000f8c                Reset_Handler
 .text.Default_Handler
                0x08000fdc        0x2 ./Core/Startup/startup_stm32f030c8tx.o
                0x08000fdc                TIM1_CC_IRQHandler
                0x08000fdc                TIM6_IRQHandler
                0x08000fdc                I2C1_IRQHandler
                0x08000fdc                SPI1_IRQHandler
                0x08000fdc                EXTI2_3_IRQHandler
                0x08000fdc                ADC1_IRQHandler
                0x08000fdc                I2C2_IRQHandler
                0x08000fdc                TIM17_IRQHandler
                0x08000fdc                RTC_IRQHandler
                0x08000fdc                TIM16_IRQHandler
                0x08000fdc                TIM3_IRQHandler
                0x08000fdc                EXTI4_15_IRQHandler
                0x08000fdc                RCC_IRQHandler
                0x08000fdc                DMA1_Channel1_IRQHandler
                0x08000fdc                Default_Handler
                0x08000fdc                TIM14_IRQHandler
                0x08000fdc                TIM15_IRQHandler
                0x08000fdc                EXTI0_1_IRQHandler
                0x08000fdc                SPI2_IRQHandler
                0x08000fdc                WWDG_IRQHandler
                0x08000fdc                DMA1_Channel2_3_IRQHandler
                0x08000fdc                FLASH_IRQHandler
                0x08000fdc                USART1_IRQHandler
                0x08000fdc                TIM1_BRK_UP_TRG_COM_IRQHandler
 *fill*         0x08000fde        0x2 
 .text.HAL_Init
                0x08000fe0       0x28 ./Drivers/STM32F0xx_HAL_Driver/Src/stm32f0xx_hal.o
                0x08000fe0                HAL_Init
 .text.HAL_InitTick
                0x08001008       0x68 ./Drivers/STM32F0xx_HAL_Driver/Src/stm32f0xx_hal.o
                0x08001008                HAL_InitTick
 .text.HAL_IncTick
                0x08001070       0x24 ./Drivers/STM32F0xx_HAL_Driver/Src/stm32f0xx_hal.o
                0x08001070                HAL_IncTick
 .text.HAL_GetTick
                0x08001094       0x14 ./Drivers/STM32F0xx_HAL_Driver/Src/stm32f0xx_hal.o
                0x08001094                HAL_GetTick
 .text.HAL_Delay
                0x080010a8       0x48 ./Drivers/STM32F0xx_HAL_Driver/Src/stm32f0xx_hal.o
                0x080010a8                HAL_Delay
 .text.__NVIC_EnableIRQ
                0x080010f0       0x34 ./Drivers/STM32F0xx_HAL_Driver/Src/stm32f0xx_hal_cortex.o
 .text.__NVIC_SetPriority
                0x08001124       0xdc ./Drivers/STM32F0xx_HAL_Driver/Src/stm32f0xx_hal_cortex.o
 .text.SysTick_Config
                0x08001200       0x48 ./Drivers/STM32F0xx_HAL_Driver/Src/stm32f0xx_hal_cortex.o
 .text.HAL_NVIC_SetPriority
                0x08001248       0x2a ./Drivers/STM32F0xx_HAL_Driver/Src/stm32f0xx_hal_cortex.o
                0x08001248                HAL_NVIC_SetPriority
 .text.HAL_NVIC_EnableIRQ
                0x08001272       0x20 ./Drivers/STM32F0xx_HAL_Driver/Src/stm32f0xx_hal_cortex.o
                0x08001272                HAL_NVIC_EnableIRQ
 .text.HAL_SYSTICK_Config
                0x08001292       0x1a ./Drivers/STM32F0xx_HAL_Driver/Src/stm32f0xx_hal_cortex.o
                0x08001292                HAL_SYSTICK_Config
 .text.HAL_DMA_Init
                0x080012ac       0x90 ./Drivers/STM32F0xx_HAL_Driver/Src/stm32f0xx_hal_dma.o
                0x080012ac                HAL_DMA_Init
 .text.HAL_DMA_Start_IT
                0x0800133c       0xcc ./Drivers/STM32F0xx_HAL_Driver/Src/stm32f0xx_hal_dma.o
                0x0800133c                HAL_DMA_Start_IT
 .text.HAL_DMA_Abort
                0x08001408       0x70 ./Drivers/STM32F0xx_HAL_Driver/Src/stm32f0xx_hal_dma.o
                0x08001408                HAL_DMA_Abort
 .text.HAL_DMA_Abort_IT
                0x08001478       0x8a ./Drivers/STM32F0xx_HAL_Driver/Src/stm32f0xx_hal_dma.o
                0x08001478                HAL_DMA_Abort_IT
 .text.HAL_DMA_IRQHandler
                0x08001502      0x144 ./Drivers/STM32F0xx_HAL_Driver/Src/stm32f0xx_hal_dma.o
                0x08001502                HAL_DMA_IRQHandler
 .text.HAL_DMA_GetError
                0x08001646       0x14 ./Drivers/STM32F0xx_HAL_Driver/Src/stm32f0xx_hal_dma.o
                0x08001646                HAL_DMA_GetError
 .text.DMA_SetConfig
                0x0800165a       0x58 ./Drivers/STM32F0xx_HAL_Driver/Src/stm32f0xx_hal_dma.o
 *fill*         0x080016b2        0x2 
 .text.DMA_CalcBaseAndBitshift
                0x080016b4       0x38 ./Drivers/STM32F0xx_HAL_Driver/Src/stm32f0xx_hal_dma.o
 .text.HAL_GPIO_Init
                0x080016ec      0x2e0 ./Drivers/STM32F0xx_HAL_Driver/Src/stm32f0xx_hal_gpio.o
                0x080016ec                HAL_GPIO_Init
 .text.HAL_RCC_OscConfig
                0x080019cc      0x634 ./Drivers/STM32F0xx_HAL_Driver/Src/stm32f0xx_hal_rcc.o
                0x080019cc                HAL_RCC_OscConfig
 .text.HAL_RCC_ClockConfig
                0x08002000      0x19c ./Drivers/STM32F0xx_HAL_Driver/Src/stm32f0xx_hal_rcc.o
                0x08002000                HAL_RCC_ClockConfig
 .text.HAL_RCC_GetSysClockFreq
                0x0800219c       0xac ./Drivers/STM32F0xx_HAL_Driver/Src/stm32f0xx_hal_rcc.o
                0x0800219c                HAL_RCC_GetSysClockFreq
 .text.HAL_RCC_GetHCLKFreq
                0x08002248       0x14 ./Drivers/STM32F0xx_HAL_Driver/Src/stm32f0xx_hal_rcc.o
                0x08002248                HAL_RCC_GetHCLKFreq
 .text.HAL_RCC_GetPCLK1Freq
                0x0800225c       0x2c ./Drivers/STM32F0xx_HAL_Driver/Src/stm32f0xx_hal_rcc.o
                0x0800225c                HAL_RCC_GetPCLK1Freq
 .text.HAL_TIM_PWM_Init
                0x08002288       0xa0 ./Drivers/STM32F0xx_HAL_Driver/Src/stm32f0xx_hal_tim.o
                0x08002288                HAL_TIM_PWM_Init
 .text.HAL_TIM_PWM_Start_IT
                0x08002328      0x1f4 ./Drivers/STM32F0xx_HAL_Driver/Src/stm32f0xx_hal_tim.o
                0x08002328                HAL_TIM_PWM_Start_IT
 .text.HAL_TIM_PWM_ConfigChannel
                0x0800251c      0x18c ./Drivers/STM32F0xx_HAL_Driver/Src/stm32f0xx_hal_tim.o
                0x0800251c                HAL_TIM_PWM_ConfigChannel
 .text.TIM_Base_SetConfig
                0x080026a8       0xec ./Drivers/STM32F0xx_HAL_Driver/Src/stm32f0xx_hal_tim.o
                0x080026a8                TIM_Base_SetConfig
 .text.TIM_OC1_SetConfig
                0x08002794      0x110 ./Drivers/STM32F0xx_HAL_Driver/Src/stm32f0xx_hal_tim.o
 .text.TIM_OC2_SetConfig
                0x080028a4      0x108 ./Drivers/STM32F0xx_HAL_Driver/Src/stm32f0xx_hal_tim.o
                0x080028a4                TIM_OC2_SetConfig
 .text.TIM_OC3_SetConfig
                0x080029ac      0x10c ./Drivers/STM32F0xx_HAL_Driver/Src/stm32f0xx_hal_tim.o
 .text.TIM_OC4_SetConfig
                0x08002ab8       0xd4 ./Drivers/STM32F0xx_HAL_Driver/Src/stm32f0xx_hal_tim.o
 .text.TIM_CCxChannelCmd
                0x08002b8c       0x46 ./Drivers/STM32F0xx_HAL_Driver/Src/stm32f0xx_hal_tim.o
                0x08002b8c                TIM_CCxChannelCmd
 *fill*         0x08002bd2        0x2 
 .text.HAL_TIMEx_MasterConfigSynchronization
                0x08002bd4       0xb0 ./Drivers/STM32F0xx_HAL_Driver/Src/stm32f0xx_hal_tim_ex.o
                0x08002bd4                HAL_TIMEx_MasterConfigSynchronization
 .text.HAL_TIMEx_ConfigBreakDeadTime
                0x08002c84       0xbc ./Drivers/STM32F0xx_HAL_Driver/Src/stm32f0xx_hal_tim_ex.o
                0x08002c84                HAL_TIMEx_ConfigBreakDeadTime
 .text.HAL_UART_Init
                0x08002d40       0xa8 ./Drivers/STM32F0xx_HAL_Driver/Src/stm32f0xx_hal_uart.o
                0x08002d40                HAL_UART_Init
 .text.HAL_UART_DMAStop
                0x08002de8      0x120 ./Drivers/STM32F0xx_HAL_Driver/Src/stm32f0xx_hal_uart.o
                0x08002de8                HAL_UART_DMAStop
 .text.HAL_UART_IRQHandler
                0x08002f08      0x590 ./Drivers/STM32F0xx_HAL_Driver/Src/stm32f0xx_hal_uart.o
                0x08002f08                HAL_UART_IRQHandler
 .text.HAL_UART_TxCpltCallback
                0x08003498       0x10 ./Drivers/STM32F0xx_HAL_Driver/Src/stm32f0xx_hal_uart.o
                0x08003498                HAL_UART_TxCpltCallback
 .text.HAL_UART_RxCpltCallback
                0x080034a8       0x10 ./Drivers/STM32F0xx_HAL_Driver/Src/stm32f0xx_hal_uart.o
                0x080034a8                HAL_UART_RxCpltCallback
 .text.HAL_UART_RxHalfCpltCallback
                0x080034b8       0x10 ./Drivers/STM32F0xx_HAL_Driver/Src/stm32f0xx_hal_uart.o
                0x080034b8                HAL_UART_RxHalfCpltCallback
 .text.HAL_UART_GetError
                0x080034c8       0x16 ./Drivers/STM32F0xx_HAL_Driver/Src/stm32f0xx_hal_uart.o
                0x080034c8                HAL_UART_GetError
 *fill*         0x080034de        0x2 
 .text.UART_SetConfig
                0x080034e0      0x280 ./Drivers/STM32F0xx_HAL_Driver/Src/stm32f0xx_hal_uart.o
                0x080034e0                UART_SetConfig
 .text.UART_AdvFeatureConfig
                0x08003760      0x168 ./Drivers/STM32F0xx_HAL_Driver/Src/stm32f0xx_hal_uart.o
                0x08003760                UART_AdvFeatureConfig
 .text.UART_CheckIdleState
                0x080038c8      0x150 ./Drivers/STM32F0xx_HAL_Driver/Src/stm32f0xx_hal_uart.o
                0x080038c8                UART_CheckIdleState
 .text.UART_WaitOnFlagUntilTimeout
                0x08003a18       0xd2 ./Drivers/STM32F0xx_HAL_Driver/Src/stm32f0xx_hal_uart.o
                0x08003a18                UART_WaitOnFlagUntilTimeout
 *fill*         0x08003aea        0x2 
 .text.UART_Start_Receive_DMA
                0x08003aec      0x140 ./Drivers/STM32F0xx_HAL_Driver/Src/stm32f0xx_hal_uart.o
                0x08003aec                UART_Start_Receive_DMA
 .text.UART_EndTxTransfer
                0x08003c2c       0x48 ./Drivers/STM32F0xx_HAL_Driver/Src/stm32f0xx_hal_uart.o
 .text.UART_EndRxTransfer
                0x08003c74       0xc8 ./Drivers/STM32F0xx_HAL_Driver/Src/stm32f0xx_hal_uart.o
 .text.UART_DMAReceiveCplt
                0x08003d3c      0x12c ./Drivers/STM32F0xx_HAL_Driver/Src/stm32f0xx_hal_uart.o
 .text.UART_DMARxHalfCplt
                0x08003e68       0x42 ./Drivers/STM32F0xx_HAL_Driver/Src/stm32f0xx_hal_uart.o
 .text.UART_DMAError
                0x08003eaa       0x84 ./Drivers/STM32F0xx_HAL_Driver/Src/stm32f0xx_hal_uart.o
 .text.UART_DMAAbortOnError
                0x08003f2e       0x2e ./Drivers/STM32F0xx_HAL_Driver/Src/stm32f0xx_hal_uart.o
 .text.UART_EndTransmit_IT
                0x08003f5c       0x56 ./Drivers/STM32F0xx_HAL_Driver/Src/stm32f0xx_hal_uart.o
 .text.HAL_UARTEx_ReceiveToIdle_DMA
                0x08003fb2       0xd0 ./Drivers/STM32F0xx_HAL_Driver/Src/stm32f0xx_hal_uart_ex.o
                0x08003fb2                HAL_UARTEx_ReceiveToIdle_DMA
 .text.memset   0x08004082       0x10 C:/ST/STM32CubeIDE_1.17.0/STM32CubeIDE/plugins/com.st.stm32cube.ide.mcu.externaltools.gnu-tools-for-stm32.13.3.rel1.win32_1.0.100.202509120712/tools/bin/../lib/gcc/arm-none-eabi/13.3.1/../../../../arm-none-eabi/lib/thumb/v6-m/nofp\libc_nano.a(libc_a-memset.o)
                0x08004082                memset
 *fill*         0x08004092        0x2 
 .text.__libc_init_array
                0x08004094       0x48 C:/ST/STM32CubeIDE_1.17.0/STM32CubeIDE/plugins/com.st.stm32cube.ide.mcu.externaltools.gnu-tools-for-stm32.13.3.rel1.win32_1.0.100.202509120712/tools/bin/../lib/gcc/arm-none-eabi/13.3.1/../../../../arm-none-eabi/lib/thumb/v6-m/nofp\libc_nano.a(libc_a-init.o)
                0x08004094                __libc_init_array
 *(.glue_7)
 .glue_7        0x080040dc        0x0 linker stubs
 *(.glue_7t)
 .glue_7t       0x080040dc        0x0 linker stubs
 *(.eh_frame)
 .eh_frame      0x080040dc        0x0 C:/ST/STM32CubeIDE_1.17.0/STM32CubeIDE/plugins/com.st.stm32cube.ide.mcu.externaltools.gnu-tools-for-stm32.13.3.rel1.win32_1.0.100.202509120712/tools/bin/../lib/gcc/arm-none-eabi/13.3.1/thumb/v6-m/nofp/crtbegin.o
 *(.init)
 .init          0x080040dc        0x4 C:/ST/STM32CubeIDE_1.17.0/STM32CubeIDE/plugins/com.st.stm32cube.ide.mcu.externaltools.gnu-tools-for-stm32.13.3.rel1.win32_1.0.100.202509120712/tools/bin/../lib/gcc/arm-none-eabi/13.3.1/thumb/v6-m/nofp/crti.o
                0x080040dc                _init
 .init          0x080040e0        0x8 C:/ST/STM32CubeIDE_1.17.0/STM32CubeIDE/plugins/com.st.stm32cube.ide.mcu.externaltools.gnu-tools-for-stm32.13.3.rel1.win32_1.0.100.202509120712/tools/bin/../lib/gcc/arm-none-eabi/13.3.1/thumb/v6-m/nofp/crtn.o
 *(.fini)
 .fini          0x080040e8        0x4 C:/ST/STM32CubeIDE_1.17.0/STM32CubeIDE/plugins/com.st.stm32cube.ide.mcu.externaltools.gnu-tools-for-stm32.13.3.rel1.win32_1.0.100.202509120712/tools/bin/../lib/gcc/arm-none-eabi/13.3.1/thumb/v6-m/nofp/crti.o
                0x080040e8                _fini
 .fini          0x080040ec        0x8 C:/ST/STM32CubeIDE_1.17.0/STM32CubeIDE/plugins/com.st.stm32cube.ide.mcu.externaltools.gnu-tools-for-stm32.13.3.rel1.win32_1.0.100.202509120712/tools/bin/../lib/gcc/arm-none-eabi/13.3.1/thumb/v6-m/nofp/crtn.o
                0x080040f4                        . = ALIGN (0x4)
                0x080040f4                        _etext = .

.vfp11_veneer   0x080040f4        0x0
 .vfp11_veneer  0x080040f4        0x0 linker stubs

.v4_bx          0x080040f4        0x0
 .v4_bx         0x080040f4        0x0 linker stubs

.iplt           0x080040f4        0x0
 .iplt          0x080040f4        0x0 C:/ST/STM32CubeIDE_1.17.0/STM32CubeIDE/plugins/com.st.stm32cube.ide.mcu.externaltools.gnu-tools-for-stm32.13.3.rel1.win32_1.0.100.202509120712/tools/bin/../lib/gcc/arm-none-eabi/13.3.1/thumb/v6-m/nofp/crtbegin.o

.rodata         0x080040f4       0x38
                0x080040f4                        . = ALIGN (0x4)
 *(.rodata)
 *(.rodata*)
 .rodata.AHBPrescTable
                0x080040f4       0x10 ./Core/Src/system_stm32f0xx.o
                0x080040f4                AHBPrescTable
 .rodata.APBPrescTable
                0x08004104        0x8 ./Core/Src/system_stm32f0xx.o
                0x08004104                APBPrescTable
 .rodata.aPLLMULFactorTable.1
                0x0800410c       0x10 ./Drivers/STM32F0xx_HAL_Driver/Src/stm32f0xx_hal_rcc.o
 .rodata.aPredivFactorTable.0
                0x0800411c       0x10 ./Drivers/STM32F0xx_HAL_Driver/Src/stm32f0xx_hal_rcc.o
                0x0800412c                        . = ALIGN (0x4)

.rel.dyn        0x0800412c        0x0
 .rel.iplt      0x0800412c        0x0 C:/ST/STM32CubeIDE_1.17.0/STM32CubeIDE/plugins/com.st.stm32cube.ide.mcu.externaltools.gnu-tools-for-stm32.13.3.rel1.win32_1.0.100.202509120712/tools/bin/../lib/gcc/arm-none-eabi/13.3.1/thumb/v6-m/nofp/crtbegin.o

.ARM.extab      0x0800412c        0x0
                0x0800412c                        . = ALIGN (0x4)
 *(.ARM.extab* .gnu.linkonce.armextab.*)
                0x0800412c                        . = ALIGN (0x4)

.ARM            0x0800412c        0x0
                0x0800412c                        . = ALIGN (0x4)
                0x0800412c                        __exidx_start = .
 *(.ARM.exidx*)
                0x0800412c                        __exidx_end = .
                0x0800412c                        . = ALIGN (0x4)

.preinit_array  0x0800412c        0x0
                0x0800412c                        . = ALIGN (0x4)
                0x0800412c                        PROVIDE (__preinit_array_start = .)
 *(.preinit_array*)
                0x0800412c                        PROVIDE (__preinit_array_end = .)
                0x0800412c                        . = ALIGN (0x4)

.init_array     0x0800412c        0x4
                0x0800412c                        . = ALIGN (0x4)
                0x0800412c                        PROVIDE (__init_array_start = .)
 *(SORT_BY_NAME(.init_array.*))
 *(.init_array*)
 .init_array    0x0800412c        0x4 C:/ST/STM32CubeIDE_1.17.0/STM32CubeIDE/plugins/com.st.stm32cube.ide.mcu.externaltools.gnu-tools-for-stm32.13.3.rel1.win32_1.0.100.202509120712/tools/bin/../lib/gcc/arm-none-eabi/13.3.1/thumb/v6-m/nofp/crtbegin.o
                0x08004130                        PROVIDE (__init_array_end = .)
                0x08004130                        . = ALIGN (0x4)

.fini_array     0x08004130        0x4
                0x08004130                        . = ALIGN (0x4)
                [!provide]                        PROVIDE (__fini_array_start = .)
 *(SORT_BY_NAME(.fini_array.*))
 *(.fini_array*)
 .fini_array    0x08004130        0x4 C:/ST/STM32CubeIDE_1.17.0/STM32CubeIDE/plugins/com.st.stm32cube.ide.mcu.externaltools.gnu-tools-for-stm32.13.3.rel1.win32_1.0.100.202509120712/tools/bin/../lib/gcc/arm-none-eabi/13.3.1/thumb/v6-m/nofp/crtbegin.o
                [!provide]                        PROVIDE (__fini_array_end = .)
                0x08004134                        . = ALIGN (0x4)
                0x08004134                        _sidata = LOADADDR (.data)

.data           0x20000000       0x14 load address 0x08004134
                0x20000000                        . = ALIGN (0x4)
                0x20000000                        _sdata = .
 *(.data)
 *(.data*)
 .data.data     0x20000000        0x6 ./Core/Src/byteProtocol.o
                0x20000000                data
 *fill*         0x20000006        0x2 
 .data.SystemCoreClock
                0x20000008        0x4 ./Core/Src/system_stm32f0xx.o
                0x20000008                SystemCoreClock
 .data.uwTickPrio
                0x2000000c        0x4 ./Drivers/STM32F0xx_HAL_Driver/Src/stm32f0xx_hal.o
                0x2000000c                uwTickPrio
 .data.uwTickFreq
                0x20000010        0x1 ./Drivers/STM32F0xx_HAL_Driver/Src/stm32f0xx_hal.o
                0x20000010                uwTickFreq
 *(.RamFunc)
 *(.RamFunc*)
                0x20000014                        . = ALIGN (0x4)
 *fill*         0x20000011        0x3 
                0x20000014                        _edata = .

.igot.plt       0x20000014        0x0 load address 0x08004148
 .igot.plt      0x20000014        0x0 C:/ST/STM32CubeIDE_1.17.0/STM32CubeIDE/plugins/com.st.stm32cube.ide.mcu.externaltools.gnu-tools-for-stm32.13.3.rel1.win32_1.0.100.202509120712/tools/bin/../lib/gcc/arm-none-eabi/13.3.1/thumb/v6-m/nofp/crtbegin.o
                0x20000014                        . = ALIGN (0x4)

.bss            0x20000014      0x7d4 load address 0x08004148
                0x20000014                        _sbss = .
                0x20000014                        __bss_start__ = _sbss
 *(.bss)
 .bss           0x20000014       0x1c C:/ST/STM32CubeIDE_1.17.0/STM32CubeIDE/plugins/com.st.stm32cube.ide.mcu.externaltools.gnu-tools-for-stm32.13.3.rel1.win32_1.0.100.202509120712/tools/bin/../lib/gcc/arm-none-eabi/13.3.1/thumb/v6-m/nofp/crtbegin.o
 *(.bss*)
 .bss.rx_dma_buffer
                0x20000030      0x200 ./Core/Src/byteProtocol.o
 .bss.ring_buffer
                0x20000230      0x400 ./Core/Src/byteProtocol.o
 .bss.ring_head
                0x20000630        0x2 ./Core/Src/byteProtocol.o
 .bss.ring_tail
                0x20000632        0x2 ./Core/Src/byteProtocol.o
 .bss.packet_count
                0x20000634        0x4 ./Core/Src/byteProtocol.o
 .bss.error_count
                0x20000638        0x4 ./Core/Src/byteProtocol.o
 .bss.bytes_received
                0x2000063c        0x4 ./Core/Src/byteProtocol.o
 .bss.error_range_count
                0x20000640        0x4 ./Core/Src/byteProtocol.o
 .bss.htim1     0x20000644       0x48 ./Core/Src/tim.o
                0x20000644                htim1
 .bss.htim3     0x2000068c       0x48 ./Core/Src/tim.o
                0x2000068c                htim3
 .bss.huart2    0x200006d4       0x88 ./Core/Src/usart.o
                0x200006d4                huart2
 .bss.hdma_usart2_rx
                0x2000075c       0x44 ./Core/Src/usart.o
                0x2000075c                hdma_usart2_rx
 .bss.hdma_usart2_tx
                0x200007a0       0x44 ./Core/Src/usart.o
                0x200007a0                hdma_usart2_tx
 .bss.uwTick    0x200007e4        0x4 ./Drivers/STM32F0xx_HAL_Driver/Src/stm32f0xx_hal.o
                0x200007e4                uwTick
 *(COMMON)
                0x200007e8                        . = ALIGN (0x4)
                0x200007e8                        _ebss = .
                0x200007e8                        __bss_end__ = _ebss

._user_heap_stack
                0x200007e8      0x600 load address 0x08004148
                0x200007e8                        . = ALIGN (0x8)
                [!provide]                        PROVIDE (end = .)
                0x200007e8                        PROVIDE (_end = .)
                0x200009e8                        . = (. + _Min_Heap_Size)
 *fill*         0x200007e8      0x200 
                0x20000de8                        . = (. + _Min_Stack_Size)
 *fill*         0x200009e8      0x400 
                0x20000de8                        . = ALIGN (0x8)

/DISCARD/
 libc.a(*)
 libm.a(*)
 libgcc.a(*)

.ARM.attributes
                0x00000000       0x28
 *(.ARM.attributes)
 .ARM.attributes
                0x00000000       0x1e C:/ST/STM32CubeIDE_1.17.0/STM32CubeIDE/plugins/com.st.stm32cube.ide.mcu.externaltools.gnu-tools-for-stm32.13.3.rel1.win32_1.0.100.202509120712/tools/bin/../lib/gcc/arm-none-eabi/13.3.1/thumb/v6-m/nofp/crti.o
 .ARM.attributes
                0x0000001e       0x2c C:/ST/STM32CubeIDE_1.17.0/STM32CubeIDE/plugins/com.st.stm32cube.ide.mcu.externaltools.gnu-tools-for-stm32.13.3.rel1.win32_1.0.100.202509120712/tools/bin/../lib/gcc/arm-none-eabi/13.3.1/thumb/v6-m/nofp/crtbegin.o
 .ARM.attributes
                0x0000004a       0x2c ./Core/Src/Thruster.o
 .ARM.attributes
                0x00000076       0x2c ./Core/Src/byteProtocol.o
 .ARM.attributes
                0x000000a2       0x2c ./Core/Src/dma.o
 .ARM.attributes
                0x000000ce       0x2c ./Core/Src/gpio.o
 .ARM.attributes
                0x000000fa       0x2c ./Core/Src/main.o
 .ARM.attributes
                0x00000126       0x2c ./Core/Src/stm32f0xx_hal_msp.o
 .ARM.attributes
                0x00000152       0x2c ./Core/Src/stm32f0xx_it.o
 .ARM.attributes
                0x0000017e       0x2c ./Core/Src/system_stm32f0xx.o
 .ARM.attributes
                0x000001aa       0x2c ./Core/Src/tim.o
 .ARM.attributes
                0x000001d6       0x2c ./Core/Src/usart.o
 .ARM.attributes
                0x00000202       0x21 ./Core/Startup/startup_stm32f030c8tx.o
 .ARM.attributes
                0x00000223       0x2c ./Drivers/STM32F0xx_HAL_Driver/Src/stm32f0xx_hal.o
 .ARM.attributes
                0x0000024f       0x2c ./Drivers/STM32F0xx_HAL_Driver/Src/stm32f0xx_hal_cortex.o
 .ARM.attributes
                0x0000027b       0x2c ./Drivers/STM32F0xx_HAL_Driver/Src/stm32f0xx_hal_dma.o
 .ARM.attributes
                0x000002a7       0x2c ./Drivers/STM32F0xx_HAL_Driver/Src/stm32f0xx_hal_gpio.o
 .ARM.attributes
                0x000002d3       0x2c ./Drivers/STM32F0xx_HAL_Driver/Src/stm32f0xx_hal_rcc.o
 .ARM.attributes
                0x000002ff       0x2c ./Drivers/STM32F0xx_HAL_Driver/Src/stm32f0xx_hal_tim.o
 .ARM.attributes
                0x0000032b       0x2c ./Drivers/STM32F0xx_HAL_Driver/Src/stm32f0xx_hal_tim_ex.o
 .ARM.attributes
                0x00000357       0x2c ./Drivers/STM32F0xx_HAL_Driver/Src/stm32f0xx_hal_uart.o
 .ARM.attributes
                0x00000383       0x2c ./Drivers/STM32F0xx_HAL_Driver/Src/stm32f0xx_hal_uart_ex.o
 .ARM.attributes
                0x000003af       0x2c C:/ST/STM32CubeIDE_1.17.0/STM32CubeIDE/plugins/com.st.stm32cube.ide.mcu.externaltools.gnu-tools-for-stm32.13.3.rel1.win32_1.0.100.202509120712/tools/bin/../lib/gcc/arm-none-eabi/13.3.1/../../../../arm-none-eabi/lib/thumb/v6-m/nofp\libc_nano.a(libc_a-memset.o)
 .ARM.attributes
                0x000003db       0x2c C:/ST/STM32CubeIDE_1.17.0/STM32CubeIDE/plugins/com.st.stm32cube.ide.mcu.externaltools.gnu-tools-for-stm32.13.3.rel1.win32_1.0.100.202509120712/tools/bin/../lib/gcc/arm-none-eabi/13.3.1/../../../../arm-none-eabi/lib/thumb/v6-m/nofp\libc_nano.a(libc_a-init.o)
 .ARM.attributes
                0x00000407       0x1e C:/ST/STM32CubeIDE_1.17.0/STM32CubeIDE/plugins/com.st.stm32cube.ide.mcu.externaltools.gnu-tools-for-stm32.13.3.rel1.win32_1.0.100.202509120712/tools/bin/../lib/gcc/arm-none-eabi/13.3.1/thumb/v6-m/nofp\libgcc.a(_udivsi3.o)
 .ARM.attributes
                0x00000425       0x1e C:/ST/STM32CubeIDE_1.17.0/STM32CubeIDE/plugins/com.st.stm32cube.ide.mcu.externaltools.gnu-tools-for-stm32.13.3.rel1.win32_1.0.100.202509120712/tools/bin/../lib/gcc/arm-none-eabi/13.3.1/thumb/v6-m/nofp\libgcc.a(_dvmd_tls.o)
 .ARM.attributes
                0x00000443       0x1e C:/ST/STM32CubeIDE_1.17.0/STM32CubeIDE/plugins/com.st.stm32cube.ide.mcu.externaltools.gnu-tools-for-stm32.13.3.rel1.win32_1.0.100.202509120712/tools/bin/../lib/gcc/arm-none-eabi/13.3.1/thumb/v6-m/nofp/crtn.o
OUTPUT(nir_vma.elf elf32-littlearm)
LOAD linker stubs
LOAD C:/ST/STM32CubeIDE_1.17.0/STM32CubeIDE/plugins/com.st.stm32cube.ide.mcu.externaltools.gnu-tools-for-stm32.13.3.rel1.win32_1.0.100.202509120712/tools/bin/../lib/gcc/arm-none-eabi/13.3.1/../../../../arm-none-eabi/lib/thumb/v6-m/nofp\libc.a
LOAD C:/ST/STM32CubeIDE_1.17.0/STM32CubeIDE/plugins/com.st.stm32cube.ide.mcu.externaltools.gnu-tools-for-stm32.13.3.rel1.win32_1.0.100.202509120712/tools/bin/../lib/gcc/arm-none-eabi/13.3.1/../../../../arm-none-eabi/lib/thumb/v6-m/nofp\libm.a
LOAD C:/ST/STM32CubeIDE_1.17.0/STM32CubeIDE/plugins/com.st.stm32cube.ide.mcu.externaltools.gnu-tools-for-stm32.13.3.rel1.win32_1.0.100.202509120712/tools/bin/../lib/gcc/arm-none-eabi/13.3.1/thumb/v6-m/nofp\libgcc.a

.debug_info     0x00000000     0xdce6
 .debug_info    0x00000000      0x6b5 ./Core/Src/Thruster.o
 .debug_info    0x000006b5      0xa2e ./Core/Src/byteProtocol.o
 .debug_info    0x000010e3      0x279 ./Core/Src/dma.o
 .debug_info    0x0000135c      0x1b4 ./Core/Src/gpio.o
 .debug_info    0x00001510      0x2f9 ./Core/Src/main.o
 .debug_info    0x00001809      0x199 ./Core/Src/stm32f0xx_hal_msp.o
 .debug_info    0x000019a2      0x6e7 ./Core/Src/stm32f0xx_it.o
 .debug_info    0x00002089      0x242 ./Core/Src/system_stm32f0xx.o
 .debug_info    0x000022cb      0xb69 ./Core/Src/tim.o
 .debug_info    0x00002e34      0xa83 ./Core/Src/usart.o
 .debug_info    0x000038b7       0x30 ./Core/Startup/startup_stm32f030c8tx.o
 .debug_info    0x000038e7      0x670 ./Drivers/STM32F0xx_HAL_Driver/Src/stm32f0xx_hal.o
 .debug_info    0x00003f57      0x69b ./Drivers/STM32F0xx_HAL_Driver/Src/stm32f0xx_hal_cortex.o
 .debug_info    0x000045f2      0x700 ./Drivers/STM32F0xx_HAL_Driver/Src/stm32f0xx_hal_dma.o
 .debug_info    0x00004cf2      0x5c3 ./Drivers/STM32F0xx_HAL_Driver/Src/stm32f0xx_hal_gpio.o
 .debug_info    0x000052b5      0x844 ./Drivers/STM32F0xx_HAL_Driver/Src/stm32f0xx_hal_rcc.o
 .debug_info    0x00005af9     0x2928 ./Drivers/STM32F0xx_HAL_Driver/Src/stm32f0xx_hal_tim.o
 .debug_info    0x00008421     0x1488 ./Drivers/STM32F0xx_HAL_Driver/Src/stm32f0xx_hal_tim_ex.o
 .debug_info    0x000098a9     0x3a2a ./Drivers/STM32F0xx_HAL_Driver/Src/stm32f0xx_hal_uart.o
 .debug_info    0x0000d2d3      0xa13 ./Drivers/STM32F0xx_HAL_Driver/Src/stm32f0xx_hal_uart_ex.o

.debug_abbrev   0x00000000     0x255d
 .debug_abbrev  0x00000000      0x1e7 ./Core/Src/Thruster.o
 .debug_abbrev  0x000001e7      0x270 ./Core/Src/byteProtocol.o
 .debug_abbrev  0x00000457       0xfc ./Core/Src/dma.o
 .debug_abbrev  0x00000553       0xc6 ./Core/Src/gpio.o
 .debug_abbrev  0x00000619      0x1c1 ./Core/Src/main.o
 .debug_abbrev  0x000007da       0xc6 ./Core/Src/stm32f0xx_hal_msp.o
 .debug_abbrev  0x000008a0      0x187 ./Core/Src/stm32f0xx_it.o
 .debug_abbrev  0x00000a27      0x11c ./Core/Src/system_stm32f0xx.o
 .debug_abbrev  0x00000b43      0x244 ./Core/Src/tim.o
 .debug_abbrev  0x00000d87      0x22b ./Core/Src/usart.o
 .debug_abbrev  0x00000fb2       0x24 ./Core/Startup/startup_stm32f030c8tx.o
 .debug_abbrev  0x00000fd6      0x24b ./Drivers/STM32F0xx_HAL_Driver/Src/stm32f0xx_hal.o
 .debug_abbrev  0x00001221      0x28c ./Drivers/STM32F0xx_HAL_Driver/Src/stm32f0xx_hal_cortex.o
 .debug_abbrev  0x000014ad      0x1ef ./Drivers/STM32F0xx_HAL_Driver/Src/stm32f0xx_hal_dma.o
 .debug_abbrev  0x0000169c      0x1c8 ./Drivers/STM32F0xx_HAL_Driver/Src/stm32f0xx_hal_gpio.o
 .debug_abbrev  0x00001864      0x28b ./Drivers/STM32F0xx_HAL_Driver/Src/stm32f0xx_hal_rcc.o
 .debug_abbrev  0x00001aef      0x28c ./Drivers/STM32F0xx_HAL_Driver/Src/stm32f0xx_hal_tim.o
 .debug_abbrev  0x00001d7b      0x297 ./Drivers/STM32F0xx_HAL_Driver/Src/stm32f0xx_hal_tim_ex.o
 .debug_abbrev  0x00002012      0x2cc ./Drivers/STM32F0xx_HAL_Driver/Src/stm32f0xx_hal_uart.o
 .debug_abbrev  0x000022de      0x27f ./Drivers/STM32F0xx_HAL_Driver/Src/stm32f0xx_hal_uart_ex.o

.debug_aranges  0x00000000      0xcb8
 .debug_aranges
                0x00000000       0x30 ./Core/Src/Thruster.o
 .debug_aranges
                0x00000030       0x60 ./Core/Src/byteProtocol.o
 .debug_aranges
                0x00000090       0x20 ./Core/Src/dma.o
 .debug_aranges
                0x000000b0       0x20 ./Core/Src/gpio.o
 .debug_aranges
                0x000000d0       0x30 ./Core/Src/main.o
 .debug_aranges
                0x00000100       0x20 ./Core/Src/stm32f0xx_hal_msp.o
 .debug_aranges
                0x00000120       0x50 ./Core/Src/stm32f0xx_it.o
 .debug_aranges
                0x00000170       0x28 ./Core/Src/system_stm32f0xx.o
 .debug_aranges
                0x00000198       0x40 ./Core/Src/tim.o
 .debug_aranges
                0x000001d8       0x30 ./Core/Src/usart.o
 .debug_aranges
                0x00000208       0x28 ./Core/Startup/startup_stm32f030c8tx.o
 .debug_aranges
                0x00000230       0xd0 ./Drivers/STM32F0xx_HAL_Driver/Src/stm32f0xx_hal.o
 .debug_aranges
                0x00000300       0xc0 ./Drivers/STM32F0xx_HAL_Driver/Src/stm32f0xx_hal_cortex.o
 .debug_aranges
                0x000003c0       0x88 ./Drivers/STM32F0xx_HAL_Driver/Src/stm32f0xx_hal_dma.o
 .debug_aranges
                0x00000448       0x58 ./Drivers/STM32F0xx_HAL_Driver/Src/stm32f0xx_hal_gpio.o
 .debug_aranges
                0x000004a0       0x80 ./Drivers/STM32F0xx_HAL_Driver/Src/stm32f0xx_hal_rcc.o
 .debug_aranges
                0x00000520      0x3d0 ./Drivers/STM32F0xx_HAL_Driver/Src/stm32f0xx_hal_tim.o
 .debug_aranges
                0x000008f0      0x168 ./Drivers/STM32F0xx_HAL_Driver/Src/stm32f0xx_hal_tim_ex.o
 .debug_aranges
                0x00000a58      0x218 ./Drivers/STM32F0xx_HAL_Driver/Src/stm32f0xx_hal_uart.o
 .debug_aranges
                0x00000c70       0x48 ./Drivers/STM32F0xx_HAL_Driver/Src/stm32f0xx_hal_uart_ex.o

.debug_rnglists
                0x00000000      0x9e9
 .debug_rnglists
                0x00000000       0x1f ./Core/Src/Thruster.o
 .debug_rnglists
                0x0000001f       0x48 ./Core/Src/byteProtocol.o
 .debug_rnglists
                0x00000067       0x13 ./Core/Src/dma.o
 .debug_rnglists
                0x0000007a       0x13 ./Core/Src/gpio.o
 .debug_rnglists
                0x0000008d       0x20 ./Core/Src/main.o
 .debug_rnglists
                0x000000ad       0x13 ./Core/Src/stm32f0xx_hal_msp.o
 .debug_rnglists
                0x000000c0       0x37 ./Core/Src/stm32f0xx_it.o
 .debug_rnglists
                0x000000f7       0x1a ./Core/Src/system_stm32f0xx.o
 .debug_rnglists
                0x00000111       0x2e ./Core/Src/tim.o
 .debug_rnglists
                0x0000013f       0x20 ./Core/Src/usart.o
 .debug_rnglists
                0x0000015f       0x19 ./Core/Startup/startup_stm32f030c8tx.o
 .debug_rnglists
                0x00000178       0x97 ./Drivers/STM32F0xx_HAL_Driver/Src/stm32f0xx_hal.o
 .debug_rnglists
                0x0000020f       0x8c ./Drivers/STM32F0xx_HAL_Driver/Src/stm32f0xx_hal_cortex.o
 .debug_rnglists
                0x0000029b       0x6a ./Drivers/STM32F0xx_HAL_Driver/Src/stm32f0xx_hal_dma.o
 .debug_rnglists
                0x00000305       0x3f ./Drivers/STM32F0xx_HAL_Driver/Src/stm32f0xx_hal_gpio.o
 .debug_rnglists
                0x00000344       0x60 ./Drivers/STM32F0xx_HAL_Driver/Src/stm32f0xx_hal_rcc.o
 .debug_rnglists
                0x000003a4      0x31c ./Drivers/STM32F0xx_HAL_Driver/Src/stm32f0xx_hal_tim.o
 .debug_rnglists
                0x000006c0      0x126 ./Drivers/STM32F0xx_HAL_Driver/Src/stm32f0xx_hal_tim_ex.o
 .debug_rnglists
                0x000007e6      0x1ce ./Drivers/STM32F0xx_HAL_Driver/Src/stm32f0xx_hal_uart.o
 .debug_rnglists
                0x000009b4       0x35 ./Drivers/STM32F0xx_HAL_Driver/Src/stm32f0xx_hal_uart_ex.o

.debug_macro    0x00000000    0x11072
 .debug_macro   0x00000000      0x1db ./Core/Src/Thruster.o
 .debug_macro   0x000001db      0xaae ./Core/Src/Thruster.o
 .debug_macro   0x00000c89      0x133 ./Core/Src/Thruster.o
 .debug_macro   0x00000dbc       0x2e ./Core/Src/Thruster.o
 .debug_macro   0x00000dea       0x22 ./Core/Src/Thruster.o
 .debug_macro   0x00000e0c       0x22 ./Core/Src/Thruster.o
 .debug_macro   0x00000e2e       0x8e ./Core/Src/Thruster.o
 .debug_macro   0x00000ebc       0x51 ./Core/Src/Thruster.o
 .debug_macro   0x00000f0d      0x103 ./Core/Src/Thruster.o
 .debug_macro   0x00001010       0x6a ./Core/Src/Thruster.o
 .debug_macro   0x0000107a      0x1df ./Core/Src/Thruster.o
 .debug_macro   0x00001259       0x1c ./Core/Src/Thruster.o
 .debug_macro   0x00001275       0x22 ./Core/Src/Thruster.o
 .debug_macro   0x00001297       0xaf ./Core/Src/Thruster.o
 .debug_macro   0x00001346      0x391 ./Core/Src/Thruster.o
 .debug_macro   0x000016d7     0x6f47 ./Core/Src/Thruster.o
 .debug_macro   0x0000861e       0x66 ./Core/Src/Thruster.o
 .debug_macro   0x00008684     0x34be ./Core/Src/Thruster.o
 .debug_macro   0x0000bb42      0x190 ./Core/Src/Thruster.o
 .debug_macro   0x0000bcd2       0x55 ./Core/Src/Thruster.o
 .debug_macro   0x0000bd27      0x924 ./Core/Src/Thruster.o
 .debug_macro   0x0000c64b      0x17f ./Core/Src/Thruster.o
 .debug_macro   0x0000c7ca      0x1ae ./Core/Src/Thruster.o
 .debug_macro   0x0000c978       0xd8 ./Core/Src/Thruster.o
 .debug_macro   0x0000ca50      0x1a0 ./Core/Src/Thruster.o
 .debug_macro   0x0000cbf0      0x1ed ./Core/Src/Thruster.o
 .debug_macro   0x0000cddd       0x34 ./Core/Src/Thruster.o
 .debug_macro   0x0000ce11       0x43 ./Core/Src/Thruster.o
 .debug_macro   0x0000ce54       0x28 ./Core/Src/Thruster.o
 .debug_macro   0x0000ce7c       0xb0 ./Core/Src/Thruster.o
 .debug_macro   0x0000cf2c      0x199 ./Core/Src/Thruster.o
 .debug_macro   0x0000d0c5      0x22c ./Core/Src/Thruster.o
 .debug_macro   0x0000d2f1       0x61 ./Core/Src/Thruster.o
 .debug_macro   0x0000d352       0xa5 ./Core/Src/Thruster.o
 .debug_macro   0x0000d3f7       0x4c ./Core/Src/Thruster.o
 .debug_macro   0x0000d443       0x2b ./Core/Src/Thruster.o
 .debug_macro   0x0000d46e      0x8f4 ./Core/Src/Thruster.o
 .debug_macro   0x0000dd62       0x28 ./Core/Src/Thruster.o
 .debug_macro   0x0000dd8a      0x56d ./Core/Src/Thruster.o
 .debug_macro   0x0000e2f7       0x3e ./Core/Src/Thruster.o
 .debug_macro   0x0000e335       0xff ./Core/Src/Thruster.o
 .debug_macro   0x0000e434      0x2ee ./Core/Src/byteProtocol.o
 .debug_macro   0x0000e722       0x22 ./Core/Src/byteProtocol.o
 .debug_macro   0x0000e744       0x3a ./Core/Src/byteProtocol.o
 .debug_macro   0x0000e77e       0x61 ./Core/Src/byteProtocol.o
 .debug_macro   0x0000e7df       0x24 ./Core/Src/byteProtocol.o
 .debug_macro   0x0000e803       0x43 ./Core/Src/byteProtocol.o
 .debug_macro   0x0000e846       0x34 ./Core/Src/byteProtocol.o
 .debug_macro   0x0000e87a      0x370 ./Core/Src/byteProtocol.o
 .debug_macro   0x0000ebea       0x16 ./Core/Src/byteProtocol.o
 .debug_macro   0x0000ec00       0x4a ./Core/Src/byteProtocol.o
 .debug_macro   0x0000ec4a       0x34 ./Core/Src/byteProtocol.o
 .debug_macro   0x0000ec7e       0x10 ./Core/Src/byteProtocol.o
 .debug_macro   0x0000ec8e       0x58 ./Core/Src/byteProtocol.o
 .debug_macro   0x0000ece6       0x8e ./Core/Src/byteProtocol.o
 .debug_macro   0x0000ed74       0x1c ./Core/Src/byteProtocol.o
 .debug_macro   0x0000ed90      0x185 ./Core/Src/byteProtocol.o
 .debug_macro   0x0000ef15       0x10 ./Core/Src/byteProtocol.o
 .debug_macro   0x0000ef25       0x3c ./Core/Src/byteProtocol.o
 .debug_macro   0x0000ef61       0x20 ./Core/Src/byteProtocol.o
 .debug_macro   0x0000ef81       0x1c ./Core/Src/byteProtocol.o
 .debug_macro   0x0000ef9d       0x10 ./Core/Src/byteProtocol.o
 .debug_macro   0x0000efad       0x1c ./Core/Src/byteProtocol.o
 .debug_macro   0x0000efc9       0x16 ./Core/Src/byteProtocol.o
 .debug_macro   0x0000efdf      0x146 ./Core/Src/byteProtocol.o
 .debug_macro   0x0000f125       0x4c ./Core/Src/byteProtocol.o
 .debug_macro   0x0000f171      0x1d5 ./Core/Src/dma.o
 .debug_macro   0x0000f346      0x1d5 ./Core/Src/gpio.o
 .debug_macro   0x0000f51b      0x218 ./Core/Src/main.o
 .debug_macro   0x0000f733       0x10 ./Core/Src/main.o
 .debug_macro   0x0000f743      0x1cb ./Core/Src/stm32f0xx_hal_msp.o
 .debug_macro   0x0000f90e      0x1d5 ./Core/Src/stm32f0xx_it.o
 .debug_macro   0x0000fae3      0x1c1 ./Core/Src/system_stm32f0xx.o
 .debug_macro   0x0000fca4      0x1d5 ./Core/Src/tim.o
 .debug_macro   0x0000fe79      0x1d5 ./Core/Src/usart.o
 .debug_macro   0x0001004e      0x1e5 ./Drivers/STM32F0xx_HAL_Driver/Src/stm32f0xx_hal.o
 .debug_macro   0x00010233      0x1c1 ./Drivers/STM32F0xx_HAL_Driver/Src/stm32f0xx_hal_cortex.o
 .debug_macro   0x000103f4      0x1c1 ./Drivers/STM32F0xx_HAL_Driver/Src/stm32f0xx_hal_dma.o
 .debug_macro   0x000105b5      0x1c8 ./Drivers/STM32F0xx_HAL_Driver/Src/stm32f0xx_hal_gpio.o
 .debug_macro   0x0001077d      0x1d3 ./Drivers/STM32F0xx_HAL_Driver/Src/stm32f0xx_hal_rcc.o
 .debug_macro   0x00010950      0x1c2 ./Drivers/STM32F0xx_HAL_Driver/Src/stm32f0xx_hal_tim.o
 .debug_macro   0x00010b12      0x1c1 ./Drivers/STM32F0xx_HAL_Driver/Src/stm32f0xx_hal_tim_ex.o
 .debug_macro   0x00010cd3      0x1de ./Drivers/STM32F0xx_HAL_Driver/Src/stm32f0xx_hal_uart.o
 .debug_macro   0x00010eb1      0x1c1 ./Drivers/STM32F0xx_HAL_Driver/Src/stm32f0xx_hal_uart_ex.o

.debug_line     0x00000000    0x11526
 .debug_line    0x00000000      0x7ae ./Core/Src/Thruster.o
 .debug_line    0x000007ae      0xb58 ./Core/Src/byteProtocol.o
 .debug_line    0x00001306      0x766 ./Core/Src/dma.o
 .debug_line    0x00001a6c      0x768 ./Core/Src/gpio.o
 .debug_line    0x000021d4      0x832 ./Core/Src/main.o
 .debug_line    0x00002a06      0x76a ./Core/Src/stm32f0xx_hal_msp.o
 .debug_line    0x00003170      0x7f8 ./Core/Src/stm32f0xx_it.o
 .debug_line    0x00003968      0x7da ./Core/Src/system_stm32f0xx.o
 .debug_line    0x00004142      0x93d ./Core/Src/tim.o
 .debug_line    0x00004a7f      0x82e ./Core/Src/usart.o
 .debug_line    0x000052ad       0x7b ./Core/Startup/startup_stm32f030c8tx.o
 .debug_line    0x00005328      0x9e9 ./Drivers/STM32F0xx_HAL_Driver/Src/stm32f0xx_hal.o
 .debug_line    0x00005d11      0xa91 ./Drivers/STM32F0xx_HAL_Driver/Src/stm32f0xx_hal_cortex.o
 .debug_line    0x000067a2      0xced ./Drivers/STM32F0xx_HAL_Driver/Src/stm32f0xx_hal_dma.o
 .debug_line    0x0000748f      0xb4e ./Drivers/STM32F0xx_HAL_Driver/Src/stm32f0xx_hal_gpio.o
 .debug_line    0x00007fdd      0xe7a ./Drivers/STM32F0xx_HAL_Driver/Src/stm32f0xx_hal_rcc.o
 .debug_line    0x00008e57     0x3734 ./Drivers/STM32F0xx_HAL_Driver/Src/stm32f0xx_hal_tim.o
 .debug_line    0x0000c58b     0x18ce ./Drivers/STM32F0xx_HAL_Driver/Src/stm32f0xx_hal_tim_ex.o
 .debug_line    0x0000de59     0x2c62 ./Drivers/STM32F0xx_HAL_Driver/Src/stm32f0xx_hal_uart.o
 .debug_line    0x00010abb      0xa6b ./Drivers/STM32F0xx_HAL_Driver/Src/stm32f0xx_hal_uart_ex.o

.debug_str      0x00000000    0x65284
 .debug_str     0x00000000    0x65284 ./Core/Src/Thruster.o
                              0x5ea0d (size before relaxing)
 .debug_str     0x00065284        0x0 ./Core/Src/byteProtocol.o
                              0x624f7 (size before relaxing)
 .debug_str     0x00065284        0x0 ./Core/Src/dma.o
                              0x5e6b4 (size before relaxing)
 .debug_str     0x00065284        0x0 ./Core/Src/gpio.o
                              0x5e501 (size before relaxing)
 .debug_str     0x00065284        0x0 ./Core/Src/main.o
                              0x5e836 (size before relaxing)
 .debug_str     0x00065284        0x0 ./Core/Src/stm32f0xx_hal_msp.o
                              0x5e501 (size before relaxing)
 .debug_str     0x00065284        0x0 ./Core/Src/stm32f0xx_it.o
                              0x5e9b0 (size before relaxing)
 .debug_str     0x00065284        0x0 ./Core/Src/system_stm32f0xx.o
                              0x5e561 (size before relaxing)
 .debug_str     0x00065284        0x0 ./Core/Src/tim.o
                              0x5ecbf (size before relaxing)
 .debug_str     0x00065284        0x0 ./Core/Src/usart.o
                              0x5ec58 (size before relaxing)
 .debug_str     0x00065284        0x0 ./Core/Startup/startup_stm32f030c8tx.o
                                 0x70 (size before relaxing)
 .debug_str     0x00065284        0x0 ./Drivers/STM32F0xx_HAL_Driver/Src/stm32f0xx_hal.o
                              0x5eaf5 (size before relaxing)
 .debug_str     0x00065284        0x0 ./Drivers/STM32F0xx_HAL_Driver/Src/stm32f0xx_hal_cortex.o
                              0x5e8e6 (size before relaxing)
 .debug_str     0x00065284        0x0 ./Drivers/STM32F0xx_HAL_Driver/Src/stm32f0xx_hal_dma.o
                              0x5e907 (size before relaxing)
 .debug_str     0x00065284        0x0 ./Drivers/STM32F0xx_HAL_Driver/Src/stm32f0xx_hal_gpio.o
                              0x5e702 (size before relaxing)
 .debug_str     0x00065284        0x0 ./Drivers/STM32F0xx_HAL_Driver/Src/stm32f0xx_hal_rcc.o
                              0x5e99d (size before relaxing)
 .debug_str     0x00065284        0x0 ./Drivers/STM32F0xx_HAL_Driver/Src/stm32f0xx_hal_tim.o
                              0x5f967 (size before relaxing)
 .debug_str     0x00065284        0x0 ./Drivers/STM32F0xx_HAL_Driver/Src/stm32f0xx_hal_tim_ex.o
                              0x5f183 (size before relaxing)
 .debug_str     0x00065284        0x0 ./Drivers/STM32F0xx_HAL_Driver/Src/stm32f0xx_hal_uart.o
                              0x5f27a (size before relaxing)
 .debug_str     0x00065284        0x0 ./Drivers/STM32F0xx_HAL_Driver/Src/stm32f0xx_hal_uart_ex.o
                              0x5eb01 (size before relaxing)

.comment        0x00000000       0x43
 .comment       0x00000000       0x43 ./Core/Src/Thruster.o
                                 0x44 (size before relaxing)
 .comment       0x00000043        0x0 ./Core/Src/byteProtocol.o
                                 0x44 (size before relaxing)
 .comment       0x00000043        0x0 ./Core/Src/dma.o
                                 0x44 (size before relaxing)
 .comment       0x00000043        0x0 ./Core/Src/gpio.o
                                 0x44 (size before relaxing)
 .comment       0x00000043        0x0 ./Core/Src/main.o
                                 0x44 (size before relaxing)
 .comment       0x00000043        0x0 ./Core/Src/stm32f0xx_hal_msp.o
                                 0x44 (size before relaxing)
 .comment       0x00000043        0x0 ./Core/Src/stm32f0xx_it.o
                                 0x44 (size before relaxing)
 .comment       0x00000043        0x0 ./Core/Src/system_stm32f0xx.o
                                 0x44 (size before relaxing)
 .comment       0x00000043        0x0 ./Core/Src/tim.o
                                 0x44 (size before relaxing)
 .comment       0x00000043        0x0 ./Core/Src/usart.o
                                 0x44 (size before relaxing)
 .comment       0x00000043        0x0 ./Drivers/STM32F0xx_HAL_Driver/Src/stm32f0xx_hal.o
                                 0x44 (size before relaxing)
 .comment       0x00000043        0x0 ./Drivers/STM32F0xx_HAL_Driver/Src/stm32f0xx_hal_cortex.o
                                 0x44 (size before relaxing)
 .comment       0x00000043        0x0 ./Drivers/STM32F0xx_HAL_Driver/Src/stm32f0xx_hal_dma.o
                                 0x44 (size before relaxing)
 .comment       0x00000043        0x0 ./Drivers/STM32F0xx_HAL_Driver/Src/stm32f0xx_hal_gpio.o
                                 0x44 (size before relaxing)
 .comment       0x00000043        0x0 ./Drivers/STM32F0xx_HAL_Driver/Src/stm32f0xx_hal_rcc.o
                                 0x44 (size before relaxing)
 .comment       0x00000043        0x0 ./Drivers/STM32F0xx_HAL_Driver/Src/stm32f0xx_hal_tim.o
                                 0x44 (size before relaxing)
 .comment       0x00000043        0x0 ./Drivers/STM32F0xx_HAL_Driver/Src/stm32f0xx_hal_tim_ex.o
                                 0x44 (size before relaxing)
 .comment       0x00000043        0x0 ./Drivers/STM32F0xx_HAL_Driver/Src/stm32f0xx_hal_uart.o
                                 0x44 (size before relaxing)
 .comment       0x00000043        0x0 ./Drivers/STM32F0xx_HAL_Driver/Src/stm32f0xx_hal_uart_ex.o
                                 0x44 (size before relaxing)

.debug_frame    0x00000000     0x2c38
 .debug_frame   0x00000000       0x6c ./Core/Src/Thruster.o
 .debug_frame   0x0000006c      0x128 ./Core/Src/byteProtocol.o
 .debug_frame   0x00000194       0x30 ./Core/Src/dma.o
 .debug_frame   0x000001c4       0x30 ./Core/Src/gpio.o
 .debug_frame   0x000001f4       0x68 ./Core/Src/main.o
 .debug_frame   0x0000025c       0x30 ./Core/Src/stm32f0xx_hal_msp.o
 .debug_frame   0x0000028c       0xd4 ./Core/Src/stm32f0xx_it.o
 .debug_frame   0x00000360       0x4c ./Core/Src/system_stm32f0xx.o
 .debug_frame   0x000003ac       0xb0 ./Core/Src/tim.o
 .debug_frame   0x0000045c       0x6c ./Core/Src/usart.o
 .debug_frame   0x000004c8      0x2a4 ./Drivers/STM32F0xx_HAL_Driver/Src/stm32f0xx_hal.o
 .debug_frame   0x0000076c      0x2a0 ./Drivers/STM32F0xx_HAL_Driver/Src/stm32f0xx_hal_cortex.o
 .debug_frame   0x00000a0c      0x1d0 ./Drivers/STM32F0xx_HAL_Driver/Src/stm32f0xx_hal_dma.o
 .debug_frame   0x00000bdc      0x110 ./Drivers/STM32F0xx_HAL_Driver/Src/stm32f0xx_hal_gpio.o
 .debug_frame   0x00000cec      0x198 ./Drivers/STM32F0xx_HAL_Driver/Src/stm32f0xx_hal_rcc.o
 .debug_frame   0x00000e84      0xf00 ./Drivers/STM32F0xx_HAL_Driver/Src/stm32f0xx_hal_tim.o
 .debug_frame   0x00001d84      0x560 ./Drivers/STM32F0xx_HAL_Driver/Src/stm32f0xx_hal_tim_ex.o
 .debug_frame   0x000022e4      0x810 ./Drivers/STM32F0xx_HAL_Driver/Src/stm32f0xx_hal_uart.o
 .debug_frame   0x00002af4       0xd8 ./Drivers/STM32F0xx_HAL_Driver/Src/stm32f0xx_hal_uart_ex.o
 .debug_frame   0x00002bcc       0x20 C:/ST/STM32CubeIDE_1.17.0/STM32CubeIDE/plugins/com.st.stm32cube.ide.mcu.externaltools.gnu-tools-for-stm32.13.3.rel1.win32_1.0.100.202509120712/tools/bin/../lib/gcc/arm-none-eabi/13.3.1/../../../../arm-none-eabi/lib/thumb/v6-m/nofp\libc_nano.a(libc_a-memset.o)
 .debug_frame   0x00002bec       0x2c C:/ST/STM32CubeIDE_1.17.0/STM32CubeIDE/plugins/com.st.stm32cube.ide.mcu.externaltools.gnu-tools-for-stm32.13.3.rel1.win32_1.0.100.202509120712/tools/bin/../lib/gcc/arm-none-eabi/13.3.1/../../../../arm-none-eabi/lib/thumb/v6-m/nofp\libc_nano.a(libc_a-init.o)
 .debug_frame   0x00002c18       0x20 C:/ST/STM32CubeIDE_1.17.0/STM32CubeIDE/plugins/com.st.stm32cube.ide.mcu.externaltools.gnu-tools-for-stm32.13.3.rel1.win32_1.0.100.202509120712/tools/bin/../lib/gcc/arm-none-eabi/13.3.1/thumb/v6-m/nofp\libgcc.a(_udivsi3.o)

.debug_line_str
                0x00000000       0x54
 .debug_line_str
                0x00000000       0x54 ./Core/Startup/startup_stm32f030c8tx.o
