../Core/Src/byteProtocol.c:21:17:ring_available	8	static
../Core/Src/byteProtocol.c:26:17:ring_free	8	static
../Core/Src/byteProtocol.c:30:13:ring_push	24	static
../Core/Src/byteProtocol.c:42:9:Calculate_CRC8	24	static
../Core/Src/byteProtocol.c:53:13:process_complete_packet	48	static
../Core/Src/byteProtocol.c:79:13:parse_ring_buffer	32	static
../Core/Src/byteProtocol.c:105:6:ByteProtocol_Init	8	static
../Core/Src/byteProtocol.c:117:6:HAL_UARTEx_RxEventCallback	16	static
../Core/Src/byteProtocol.c:127:6:HAL_UART_ErrorCallback	24	static
